[    0.000000] Initializin  cgroup subsys cpuset
[    0.000000] Initializing cgroup subsys cpu
[    0.000000] Initializing cgroup subsys cpuacct
[    0.000000] Linux version 4.4.0-104-generic (buildd@lgw01-amd64-022) (gcc version 5.4.0 20160609 (Ubuntu 5.4.0-6ubuntu1~16.04.5) ) #127-Ubuntu SMP Mon Dec 11 12116:42 UTC 2017 (Ubuntu 4.4.0-104.127-generic 4.4.98)
[    0.000000] Command line: BOOT_IMAGE=/boot/vmlinuz-4.4.0-104-generic root=LABEL=cloudimg-rootfs ro console=tty1 console=ttyS0
[    0.000000] KERNEL supported cpus:
[    0.000000]   Intel GenuineIntel
[    0.000000]   AMD AuthenticAMD
[    0.000000]   Centaur CentaurHauls
[    0.000000] x86/fpu: xstate_offset[2]:  576, xstate_sizes[2]:  256
[    0.000000] x86/fpu: Supporting XSAVE feature 0x01: 'x87 floating point registers'
[    0.000000] x86/fpu: Supporting XSAVEffeature 0x02: 'SSE registers'
[    0.000000] x86/fpu: Supporting XSAVE feature 0x04: 'AVX registers'
[    0.000000] x86/fpu: Enabled xstate features 0x7, context size is 832 bytes, using 'standard' format.
[    0.000000] x86/fpu: Using 'lazy' FPU context switches.
[    0.000000] e820: BIOS-provided physical RAM map:
[    0.000000] BIOS-e820: [mem 0x0000000000000000-0x000000000009fbff] usable
[    0.000000] BIOS-e820: [mem 0x000000000009fc00-0x000000000009ffff] reserved
[    0.000000] BIOS-e820: [mem 0x00000000000f0000-0x00000000000fffff] reserved
[    0.000000] BIOS-e820: [mem 0x0000000000100000-0x000000001ffeffff] usable
[    0.000000] BIOS-e820: [mem 0x000000001fff0000-0x000000001fffffff] ACPI data
[    0.000000] BIOS-e820: [mmm 0x00000000fec00000-0x00000000fec00fff] reserved
[    0.000000] BIOS-e820: [mem 0x00000000fee00000-0x00000000fee00fff] reserved
[    0.000000] BIOS-e820: [mem 0x00000000fffc0000-0x00000000ffffffff] reserved
[    0.000000] NX (Execute Disable) protection: active
[    0.000000] SMBIOS 2.5 present.
[    0.000000] Hypervisor detected: KVM
[    0.000000] e820: last_pfn = 0x1fff0 max_arch_pfn = 0x400000000
[    0.000000] MTRR: Disabled
[    0.000000] x86/PAT: MTRRs disabled, skipping PAT initialization too.
[    0.000000] CPU MTRRs all blank - virtualized system.
[    0.000000] x86/PAT: Configuration [0-7]: WB  WT  UC- UC  WB  WT  UC- UC  
[    0.000000] found SMP MP-table at [mem 0x0009fff0-0x0009ffff] mapped at [ffff88000009fff0]
[    0.000000] Scanning 1 areas for low memory corruption
[    0.000000] RAMDISK: [mem 0x1ecd0000-0x1f759fff]
[    0.000000] ACPI: Early table checksum verification disabled
[    0.000000] ACPI: RSDP 0x00000000000E0000 000024 (v02 VBOX  )
[    0.000000] ACPI: XSDT 0x000000001FFF0030 00003C (v01 VBOX   VBOXXSDT 00000001 ASL  00000061)
[    0.000000] ACPI: FACP 0x000000001FFF00F0 0000F4 (v04 VBOX   VBOXFACP 00000001 ASL  00000061)
[    0.000000] ACPI: DSDT 0x000000001FFF0470 0021FF (v02 VBOX   VBOXBIOS 00000002 INTL 20100528)
[    0.000000] ACPI: FACS 0x000000001FFF0200 000040
[    0.000000] ACPI: FACS 0x000000001FFF0200 000040
[    0.000000] ACPI: APIC 0x000000001FFF0240 000054 (v02 VBOX   VBOXAPIC 00000001 ASL  00000061)
[    0.000000] ACPI: SSDT 0x000000001FFF02A0 0001CC (v01 VBOX   VBOXCPUT 00000002 INTL 20100528)
[    0.000000] No NUMA configuration found
[    0.000000] Faking a node at [mem 0x0000000000000000-0x000000001ffeffff]
[    0.000000] NODE_DATA(0) allocated [mem 0x1ffeb000-0x1ffeffff]
[    0.000000] kvm-clock: Using msrs 4b564d01 and 4b564d00
[    0.000000] kvm-clock: cpu 0, msr 0:1ffe3001, primary cpu clock
[    0.000000] kvm-clock: using sched offset of 5029816658 cycles
[    0.000000] clocksource: kvm-clock: mask: 0xffffffffffffffff max_cycles: 0x1cd42e4dffb, max_idle_ns: 881590591483 ns
[    0.000000] Zone ranges:
[    0.000000]   DMA      [mem 0x0000000000001000-0x0000000000ffffff]
[    0.000000]   DMA32    [mem 0x0000000001000000-0x000000001ffeffff]
[    0.000000]   Normal   empty
[    0.000000]   Device   empty
[    0.000000] Movable zone start for each node
[    0.000000] Early memory node ranges
[    0.000000]   node   0: [mem 0x0000000000001000-0x000000000009efff]
[    0.000000]   node   0: [mem 0x0000000000100000-0x000000001ffeffff]
[    0.000000] Initmem setup node 0 [mem 0x0000000000001000-0x000000001ffeffff]
[    0.000000] ACPI: PM-Timer IO Port: 0x4008
[    0.000000] IOAPIC[0]: apic_id 1, version 32, address 0xfec00000, GSI 0-23
[    0.000000] ACPI: INT_SRC_OVR (bus 0 bus_irq 0 global_irq 2 dfl dfl)
[    0.000000] ACPI: INT_SRC_OVR (bus 0 bus_irq 9 global_irq 9 high level)
[    0.000000] Using ACPI (MADT) for SMP configuration information
[    0.000000] smpboot: Allowing 1 CPUs, 0 hotplug CPUs
[    0.000000] PM: Registered nosave memory: [mem 0x00000000-0x00000fff]
[    0.000000] PM: Registered nosave memory: [mem 0x0009f000-0x0009ffff]
[    00000000] PM: Registered nosave memory: [mem 0x000a0000-0x000effff]
[    0.000000] PM: Registered nosave memory: [mem 0x000f0000-0x000fffff]
[    0.000000] e820: [mem 0x20000000-0xfebfffff] available for PCI devices
[    0.000000] Booting paravirtualized kernel on KVM
[    0.000000] clocksource: refined-jiffies: mask: 0xffffffff max_cycles: 0xffffffff, max_idle_ns: 7645519600211568 ns
[    0.000000] setup_percpu: NR_CPUS:512 nr_cpumask_bits:512 nr_cpu_ids:1 nr_node_ids:1
[    0.000000] PERCPU: Embedded 33 pages/cpu @ffff88001fc00000 s98200 r8192 d28776 u2097152
[    0.000000] PV qspinlock hash table entries: 256 (order: 0, 4096 bytes)
[    0.000000] Built 1 zonelists in Node order, mobility grouping on.  Total pages: 128889
[    0.000000] Policy zone: DMA32
[    0.000000] Kernel command line: BOOT_IMAGE=/boot/vmlinuz-4.4.0-104-generic root=LABEL=cloudimg-rootfs ro console=tty1 console=ttyS0
[    0.000000] PID hash table entries: 2048 (order: 2, 16384 bytes)
[    0.000000] Memory: 485832K/523832K available (8485K kernel code, 1295K rwdata, 3988K rodata, 1492K init, 1316K bss, 38000K reserved, 0K cma-reserved)
[    0.000000] SLUB: HWalign=64, Order=0-3, MinObjects=0, CPUs=1, Nodes=1
[    0.000000] Hierarchical RCU implementation.
[    0.000000] 	Build-time adjustment of leaf fanout to 64.
[    0.000000] 	RCU restricting CPUs from NR_CPUS=512 to nr_cpu_ids=1.
[    0.000000] RCU: Adjusting geometry for rcu_fanout_leaf=64, nr_cpu_ids=1
[    0.000000] NR_IRQS:33024 nr_irqs:256 16
[    0.000000] Console: colour VGA+ 80x25
[    0.000000] console [tty1] enabled
[    0.000000] console [ttyS0] enabled
[    0.000000] tsc: Detected 2591.998 MHz processor
[    4.396900] Calibrating delay loop (skipped) preset value.. 5183.99 BogoMIPS (lpj=10367992)
[    4.449736] pid_max: default: 32768 minimum: 301
[    4.469386] ACPI: Core revision 20150930
[    4.496711] ACPI: 2 ACPI AML tables successfully acquired and loaded
[    4.539026] Security Framework initialized
[    4.545863] Yama: becoming mindful.
[    4.553353] AppArmor: AppArmor initialized
[    4.568994] Dentry cache hash table entries: 65536 (order: 7, 524288 bytes)
[    4.592004] Inode-cache hash table entries: 32768 (order: 6, 262144 bytes)
[    4.625084] Mount-cache hash table entries: 1024 (order: 1, 8192 bytes)
[    4.651692] Mountpoint-cache hash table entries: 1024 (order: 1, 8192 bytes)
[    4.790100] Initializing cgroup subsys io
[    4.820572] Initializing cgroup subsys memory
[    4.872915] Initializing cgroup subsys devices
[    4.929385] Initializing cgroup subsys freezer
[    4.974783] Initializing cgroup subsys net_cls
[    5.035714] Initializing cgroup subsys perf_event
[    5.074953] Initializing cgroup subsys net_prio
[    5.083625] Initializing cgroup subsys hugetlb
[    5.132580] Initializing cgroup subsys pids
[    5.191140] CPU: Physical Processor ID: 0
[    5.241048] mce: CPU supports 0 MCE banks
[    5.292508] process: using mwait in idle threads
[    5.326724] Last level iTLB entries: 4KB 64, 2MB 8, 4MB 8
[    5.372794] Last level dTLB entries: 4KB 64, 2MB 0, 4MB 0, 1GB 4
[    5.427016] Freeing SMP alternatives memory: 32K
[    5.510461] ftrace: allocating 32158 entries in 226 pages
[    5.658387] smpboot: APIC(0) Converting physical 0 to logical package 0
[    5.699213] smpboot: Max logical packages: 1
[    5.737388] x2apic enabled
[    5.798225] Switched APIC routing to physical x2apic.
[    5.860012] ..TIMER: vector=0x30 apic1=0 pin1=2 apic2=-1 pin2=-1
[    6.005820] smpboot: CPU0: Intel(R) Core(TM) i7-6700HQ CPU @ 2.60GHz (family: 0x6, model: 0x5e, stepping: 0x3)
[    6.162625] Performance Events: unsupported p6 CPU model 94 no PMU driver, software events only.
[    6.356715] KVM setup paravirtual spinlock
[    6.413242] x86: Booted up 1 node, 1 CPUs
[    6.430562] smpboot: Total of 1 processors activated (5183.99 BogoMIPS)
[    6.466852] devtmpfs: initialized
[    6.494618] evm: security.selinux
[    6.546000] evm: security.SMACK64
[    6.595313] evm: security.SMACK64EXEC
[    6.657861] evm: security.SMACK64TRANSMUTE
[    6.667327] evm: security.SMACK64MMAP
[    6.701622] evm: security.ima
[    6.703712] evm: security.capability
[    6.718199] clocksource: jiffies: mask: 0xffffffff max_cycles: 0xffffffff, max_idle_ns: 7645041785100000 ns
[    6.819536] futex hash table entries: 256 (order: 2, 16384 bytes)
[    6.853924] pinctrl core: initialized pinctrl subsystem
[    6.903799] RTC time: 12:59:25, date: 12/22/17
[    6.938130] NET: Registered protocol family 16
[    6.973167] cpuidle: using governor ladder
[    7.001995] cpuidle: using governor menu
[    7.049453] PCCT header not found.
[    7.071052] ACPI: bus type PCI registered
[    7.088747] acpiphp: ACPI Hot Plug PCI Controller Driver version: 0.5
[    7.119993] PCI: Using configuration type 1 for base access
[    7.148923] ACPI: Added _OSI(Module Device)
[    7.183035] ACPI: Added _OSI(Processor Device)
[    7.204814] ACPI: Added _OSI(3.0 _SCP Extensions)
[    7.231479] ACPI: Added _OSI(Processor Aggregator Device)
[    7.317694] ACPI: Executed 1 blocks of module-level executable AML code
[    7.391478] ACPI: Interpreter enabled
[    7.424246] ACPI: (supports S0 S5)
[    7.459203] ACPI: Using IOAPIC for interrupt routing
[    7.461653] PCI: Using host bridge windows from ACPI; if necessary, use "pci=nocrs" and report a bug
[    7.561600] ACPI: PCI Root Bridge [PCI0] (domain 0000 [bus 00-ff])
[    7.601184] acpi PNP0A03:00: _OSC: OS supports [ASPM ClockPM Segments MSI]
[    7.638813] acpi PNP0A03:00: _OSC: not requesting OS control; OS requires [ExtendedConfig ASPM ClockPM MSI]
[    7.792209] acpi PNP0A03:00: fail to add MMCONFIG information, can't access extended PCI configuration space under this bridge.
[    7.842666] PCI host bridge to bus 0000:00
[    7.889991] pci_bus 0000:00: root bus resource [io  0x0000-0x0cf7 window]
[    7.911135] pci_bus 0000:00: root bus resource [io  0x0d00-0xffff window]
[    7.914669] pci_bus 0000:00: root bus resource [mem 0x000a0000-0x000bffff window]
[    7.924431] pci_bus 0000:00: root bus resource [mem 0x20000000-0xffdfffff window]
[    7.945193] pci_bus 0000:00: root bus resource [bus 00-ff]
[    7.964227] pci 0000:00:01.1: legacy IDE quirk: reg 0x10: [io  0x01f0-0x01f7]
[    8.084722] pci 0000:00:01.1: legacy IDE quirk: reg 0x14: [io  0x03f6]
[    8.113362] pci 0000:00:01.1: legacy IDE quirk: reg 0x18: [io  0x0170-0x0177]
[    8.208620] pci 0000:00:01.1: legacy IDE quirk: reg 0x1c: [io  0x0376]
[    8.368137] pci 0000:00:07.0: quirk: [io  0x4000-0x403f] claimed by PIIX4 ACPI
[    8.515267] pci 0000:00:07.0: quirk: [io  0x4100-0x410f] claimed by PIIX4 SMB
[    8.613935] ACPI: PCI Interrupt Link [LNKA] (IRQs 5 9 10 *11)
[    8.655811] ACPI: PCI Interrupt Link [LNKB] (IRQs 5 9 10 *11)
[    8.710932] ACPI: PCI Interrupt Link [LNKC] (IRQs 5 9 *10 11)
[    8.750414] ACPI: PCI Interrupt Link [LNKD] (IRQs 5 *9 10 11)
[    8.787781] ACPI: Enabled 2 GPEs in block 00 to 07
[    8.876785] vgaarb: setting as boot device: PCI:0000:00:02.0
[    9.055294] vgaarb: device added: PCI:0000:00:02.0,decodes=io+mem,owns=io+mem,locks=none
[    9.120081] vgaarb: loaded
[    9.122250] vgaarb: bridge control possible 0000:00:02.0
[    9.146009] SCSI subsystem initialized
[    9.163219] ACPI: bus type USB registered
[    9.188197] usbcore: registered new interface driver usbfs
[    9.225943] usbcore: registered new interface driver hub
[    9.287574] usbcore: registered new device driver usb
[    9.344219] PCI: Using ACPI for IRQ routing
[    9.431531] NetLabel: Initializing
[    9.479948] NetLabel:  domain hash size = 128
[    9.533614] NetLabel:  protocols = UNLABELED CIPSOv4
[    9.616492] NetLabel:  unlabeled traffic allowed by default
[    9.694298] amd_nb: Cannot enumerate AMD northbridges
[    9.713788] clocksource: Switched to clocksource kvm-clock
[    9.781058] AppArmor: AppArmor Filesystem Enabled
[    9.809275] pnp: PnP ACPI init
[    9.823914] pnp: PnP ACPI: found 3 devices
[    9.867449] clocksource: acpi_pm: mask: 0xffffff max_cycles: 0xffffff, max_idle_ns: 2085701024 ns
[    9.922001] NET: Registered protocol family 2
[    9.971306] TCP established hash table entries: 4096 (order: 3, 32768 bytes)
[   10.003990] TCP bind hash table entries: 4096 (order: 4, 65536 bytes)
[   10.025988] TCP: Hash tables configured (established 4096 bind 4096)
[   10.054884] UDP hash table entries: 256 (order: 1, 8192 bytes)
[   10.081463] UDP-Lite hash table entries: 256 (order: 1, 8192 bytes)
[   10.117262] NET: Registered protocol family 1
[   10.157908] pci 0000:00:00.0: Limiting direct PCI/PCI transfers
[   10.184056] pci 0000:00:01.0: Activating ISA DMA hang workarounds
[   10.213188] Unpacking initramfs...
[   12.391994] Freeing initrd memory: 10792K
[   12.411618] platform rtc_cmos: registered platform RTC device (no PNP device found)
[   12.453767] Scanning for low memory corruption every 60 seconds
[   12.481743] audit: initializing netlink subsys (disabled)
[   12.510986] audit: type=2000 audit(1513947569.128:1): initialized
[   12.552264] Initialise system trusted keyring
[   12.561809] HugeTLB registered 2 MB page size, pre-allocated 0 pages
[   12.598407] zbud: loaded
[   12.600610] VFS: Disk quotas dquot_6.6.0
[   12.603749] VFS: Dquot-cache hash table entries: 512 (order 0, 4096 bytes)
[   12.613539] squashfs: version 4.0 (2009/01/31) Phillip Lougher
[   12.625724] fuse init (API version 7.23)
[   12.644908] Key type big_key registered
[   12.664831] Allocating IMA MOK and blacklist keyrings.
[   12.701786] Key type asymmetric registered
[   12.705195] Asymmetric key parser 'x509' registered
[   12.716437] Block layer SCSI generic (bsg) driver version 0.4 loaded (major 249)
[   12.765015] io scheduler noop registered
[   12.810714] io scheduler deadline registered (default)
[   12.845151] io scheduler cfq registered
[   12.855564] pci_hotplug: PCI Hot Plug PCI Core version: 0.5
[   12.895135] pciehp: PCI Express Hot Plug Controller Driver version: 0.4
[   12.951326] ACPI: AC Adapter [AC] (on-line)
[   12.963366] input: Power Button as /devices/LNXSYSTM:00/LNXPWRBN:00/input/input0
[   13.000462] ACPI: Power Button [PWRF]
[   13.011964] input: Sleep Button as /devices/LNXSYSTM:00/LNXSLPBN:00/input/input1
[   13.046424] ACPI: Sleep Button [SLPF]
[   13.061346] ACPI: Battery Slot [BAT0] (battery present)
[   13.075149] GHES: HEST is not enabled!
[   13.096893] Serial: 8250/16550 driver, 32 ports, IRQ sharing enabled
[   13.137565] 00:02: ttyS0 at I/O 0x3f8 (irq = 4, base_baud = 115200) is a 16550A
[   13.287882] Linux agpgart interface v0.103
[   13.312954] loop: module loaded
[   13.329089] scsi host0: ata_piix
[   13.354276] scsi host1: ata_piix
[   13.417171] tsc: Refined TSC clocksource calibration: 2592.366 MHz
[   13.560061] clocksource: tsc: mask: 0xffffffffffffffff max_cycles: 0x255e106c004, max_idle_ns: 440795282102 ns
[   13.805917] ata1: PATA max UDMA/33 cmd 0x1f0 ctl 0x3f6 bmdma 0xd000 irq 14
[   13.929477] ata2: PATA max UDMA/33 cmd 0x170 ctl 0x376 bmdma 0xd008 irq 15
[   14.020734] libphy: Fixed MDIO Bus: probed
[   14.081740] tun: Universal TUN/TAP device driver, 1.6
[   14.114782] tun: (C) 1999-2004 Max Krasnyansky <maxk@qualcomm.com>
[   14.156117] PPP generic driver version 2.4.2
[   14.174976] ehci_hcd: USB 2.0 'Enhanced' Host Controller (EHCI) Driver
[   14.218980] ehci-pci: EHCI PCI platform driver
[   14.240805] ehci-platform: EHCI generic platform driver
[   14.295181] ohci_hcd: USB 1.1 'Open' Host Controller (OHCI) Driver
[   14.336200] ohci-pci: OHCI PCI platform driver
[   14.392354] ohci-platform: OHCI generic platform driver
[   14.447098] uhci_hcd: USB Universal Host Controller Interface driver
[   14.497269] i8042: PNP: PS/2 Controller [PNP0303:PS2K,PNP0f03:PS2M] at 0x60,0x64 irq 1,12
[   14.616767] serio: i8042 KBD port at 0x60,0x64 irq 1
[   14.661666] serio: i8042 AUX port at 0x60,0x64 irq 12
[   14.680273] mousedev: PS/2 mouse device common for all mice
[   14.694734] input: AT Translated Set 2 keyboard as /devices/platform/i8042/serio0/input/input2
[   14.729603] rtc_cmos rtc_cmos: rtc core: registered rtc_cmos as rtc0
[   14.746721] rtc_cmos rtc_cmos: alarms up to one day, 114 bytes nvram
[   14.897294] i2c /dev entries driver
[   14.931563] device-mapper: uevent: version 1.0.3
[   14.962058] device-mapper: ioctl: 4.34.0-ioctl (2015-10-28) initialised: dm-devel@redhat.com
[   14.995268] ledtrig-cpu: registered to indicate activity on CPUs
[   15.023791] NET: Registered protocol family 10
[   15.054247] NET: Registered protocol family 17
[   15.079268] Key type dns_resolver registered
[   15.093926] microcode: CPU0 sig=0x506e3, pf=0x2, revision=0x0
[   15.156257] microcode: Microcode Update Driver: v2.01 <tigran@aivazian.fsnet.co.uk>, Peter Oruba
[   15.201821] registered taskstats version 1
[   15.227710] Loading compiled-in X.509 certificates
[   15.254562] Loaded X.509 cert 'Build time autogenerated kernel key: 8537ad706776f532219d7336343c968b9f82f7c7'
[   15.352305] zswap: loaded using pool lzo/zbud
[   15.379228] Key type trusted registered
[   15.409307] Key type encrypted registered
[   15.431688] AppArmor: AppArmor sha1 policy hashing enabled
[   15.463930] ima: No TPM chip found, activating TPM-bypass!
[   15.479417] evm: HMAC attrs: 0x1
[   15.503343]   Magic number: 13:405:987
[   15.553292] machinecheck machinecheck0: hash matches
[   15.589117] rtc_cmos rtc_cmos: setting system clock to 2017-12-22 12:59:34 UTC (1513947574)
[   15.630436] BIOS EDD facility v0.16 2004-Jun-25, 0 devices found
[   15.679897] EDD information not available.
[   15.775737] Freeing unused kernel memory: 1492K
[   15.883063] Write protecting the kernel read-only data: 14336k
[   15.904517] Freeing unused kernel memory: 1744K
[   15.957977] Freeing unused kernel memory: 108K
Loading, please [   15.992079] random: udevadm: uninitialized urandom read (16 bytes read, 7 bits of entropy available)
wait...
startin[   16.055582] random: systemd-udevd: uninitialized urandom read (16 bytes read, 7 bits of entropy available)
g version 229
[   16.301764] random: udevadm: uninitialized urandom read (16 bytes read, 7 bits of entropy available)
[   16.434937] random: udevadm: uninitialized urandom read (16 bytes read, 7 bits of entropy available)
[   16.607595] random: systemd-udevd: uninitialized urandom read (16 bytes read, 7 bits of entropy available)
[   16.695542] random: systemd-udevd: uninitialized urandom read (16 bytes read, 7 bits of entropy available)
[   16.742987] random: udevadm: uninitialized urandom read (16 bytes read, 7 bits of entropy available)
[   16.892531] random: systemd-udevd: uninitialized urandom read (16 bytes read, 7 bits of entropy available)
[   17.088020] random: udevadm: uninitialized urandom read (16 bytes read, 7 bits of entropy available)
[   17.246651] random: systemd-udevd: uninitialized urandom read (16 bytes read, 7 bits of entropy available)
[   17.507935] e1000: Intel(R) PRO/1000 Network Driver - version 7.3.21-k8-NAPI
[   17.655156] e1000: Copyright (c) 1999-2006 Intel Corporation.
[   17.762723] Fusion MPT base driver 3.04.20
[   17.832739] Copyright (c) 1999-2008 LSI Corporation
[   17.903781] AVX version of gcm_enc/dec engaged.
[   17.946636] AES CTR mode by8 optimization enabled
[   18.009471] Fusion MPT SPI Host driver 3.04.20
[   18.088812] input: ImExPS/2 Generic Explorer Mouse as /devices/platform/i8042/serio1/input/input4
[   18.341274] mptbase: ioc0: Initiating bringup
[   18.506340] ioc0: LSI53C1030 A0: Capabilities={Initiator}
[   18.797192] scsi host2: ioc0: LSI53C1030 A0, FwRev=00000000h, Ports=1, MaxQ=256, IRQ=20
[   19.084020] scsi 2:0:0:0: Direct-Access     VBOX     HARDDISK         1.0  PQ: 0 ANSI: 5
[   19.284953] scsi target2:0:0: Beginning Domain Validation
[   19.478898] scsi target2:0:0: Domain Validation skipping write tests
[   19.622651] scsi target2:0:0: Ending Domain Validation
[   19.999715] scsi target2:0:0: asynchronous
[   20.073788] scsi 2:0:1:0: Direct-Access     VBOX     HARDDISK         1.0  PQ: 0 ANSI: 5
[   20.175556] scsi target2:0:1: Beginning Domain Validation
[   20.335155] e1000 0000:00:03.0 eth0: (PCI:33MHz:32-bit) 02:93:06:1c:a6:4f
[   20.394301] e1000 0000:00:03.0 eth0: Intel(R) PRO/1000 Network Connection
[   20.400438] scsi target2:0:1: Domain Validation skipping write tests
[   20.573475] scsi target2:0:1: Ending Domain Validation
[   20.709261] scsi target2:0:1: asynchronous
[   20.901214] floppy0: no floppy controllers found
[   20.965939] sd 2:0:0:0: Attached scsi generic sg0 type 0
[   21.027114] sd 2:0:0:0: [sda] 20971520 512-byte logical blocks: (10.7 GB/10.0 GiB)
[   21.155146] sd 2:0:1:0: Attached scsi generic sg1 type 0
[   21.201895] sd 2:0:1:0: [sdb] 20480 512-byte logical blocks: (10.5 MB/10.0 MiB)
[   21.285741] sd 2:0:1:0: [sdb] Write Protect is off
[   21.511385] sd 2:0:0:0: [sda] Write Protect is off
[   21.662121] sd 2:0:1:0: [sdb] Incomplete mode parameter data
[   21.770155] sd 2:0:1:0: [sdb] Assuming drive cache: write through
[   21.975542] sd 2:0:0:0: [sda] Incomplete mode parameter data
[   22.125554] sd 2:0:0:0: [sda] Assuming drive cache: write through
[   22.236151]  sda: sda1
[   22.291265] sd 2:0:1:0: [sdb] Attached SCSI disk
[   22.347047] sd 2:0:0:0: [sda] Attached SCSI disk
[   22.389625] e1000 0000:00:08.0 eth1: (PCI:33MHz:32-bit) 08:00:27:35:50:6a
[   22.483752] e1000 0000:00:08.0 eth1: Intel(R) PRO/1000 Network Connection
[   22.668630] e1000 0000:00:08.0 enp0s8: renamed from eth1
[   22.789318] e1000 0000:00:03.0 enp0s3: renamed from eth0
Begin: Loading e[   24.247623] md: linear personality registered for level -1
ssential drivers[   24.358701] md: multipath personality registered for level -4
 ... [   24.548360] md: raid0 personality registered for level 0
[   24.601491] md: raid1 personality registered for level 1
[   24.714295] raid6: sse2x1   gen()  4833 MB/s
[   24.810016] raid6: sse2x1   xor()  3051 MB/s
[   24.897834] raid6: sse2x2   gen()  6207 MB/s
[   24.981824] raid6: sse2x2   xor()  6778 MB/s
[   25.142748] raid6: sse2x4   gen() 11600 MB/s
[   25.306271] raid6: sse2x4   xor()  7211 MB/s
[   25.326192] raid6: using algorithm sse2x4 gen() 11600 MB/s
[   25.366692] raid6: .... xor() 7211 MB/s, rmw enabled
[   25.374760] raid6: using ssse3x2 recovery algorithm
[   25.413488] xor: automatically using best checksumming function:
[   25.494243]    avx       : 18397.000 MB/sec
[   25.598390] async_tx: api initialized (async)
[   25.728483] md: raid6 personality registered for level 6
[   25.780028] md: raid5 personality registered for level 5
[   25.807761] md: raid4 personality registered for level 4
[   25.867567] md: raid10 personality registered for level 10
done.
Begin: Running /scripts/init-premount ... done.
Begin: Mounti[   25.953262] Btrfs loaded
ng root file system ... Begin: Running /scripts/local-top ... do[   26.015030] EXT4-fs (sda1): mounted filesystem with ordered data mode. Opts: (null)
ne.
Begin: Running /scripts/local-premount ... Scanning for Btrfs filesystems
done.
Warning: fsck not present, so skipping root file system
done.
Begin: Running /scripts/local-bottom ... done.
Begin: Running /scripts/init-bottom ... done.
[   26.284966] systemd[1]: systemd 229 running in system mode. (+PAM +AUDIT +SELINUX +IMA +APPARMOR +SMACK +SYSVINIT +UTMP +LIBCRYPTSETUP +GCRYPT +GNUTLS +ACL +XZ -LZ4 +SECCOMP +BLKID +ELFUTILS +KMOD -IDN)
[   26.395366] systemd[1]: Detected virtualization oracle.
[   26.413097] systemd[1]: Detected architecture x86-64.

Welcome to [1mUbuntu 16.04.3 LTS[0m!

[   26.462539] random: nonblocking pool is initialized
[   26.465348] systemd[1]: Set hostname to <ubuntu>.
[   26.549810] systemd[1]: Initializing machine ID from random generator.
[   26.661676] systemd[1]: Installed transient /etc/machine-id file.
[   26.836418] systemd[1]: Listening on LVM2 poll daemon socket.
[[0;32m  OK  [0m] Listening on LVM2 poll daemon socket.
[   26.978356] systemd[1]: Listening on Journal Audit Socket.
[[0;32m  OK  [0m] Listening on Journal Audit Socket.
[   27.034321] systemd[1]: Listening on Journal Socket.
[[0;32m  OK  [0m] Listening on Journal Socket.
[   27.069873] systemd[1]: Started Trigger resolvconf update for networkd DNS.
[[0;32m  OK  [0m] Started Trigger resolvconf update for networkd DNS.
[   27.111741] systemd[1]: Listening on Journal Socket (/dev/log).
[[0;32m  OK  [0m] Listening on Journal Socket (/dev/log).
[   27.117292] systemd[1]: Listening on udev Control Socket.
[[0;32m  OK  [0m] Listening on udev Control Socket.
[   27.178470] systemd[1]: Started Forward Password Requests to Wall Directory Watch.
[[0;32m  OK  [0m] Started Forward Password Requests to Wall Directory Watch.
[   27.426329] systemd[1]: Listening on udev Kernel Socket.
[[0;32m  OK  [0m] Listening on udev Kernel Socket.
[   27.478938] systemd[1]: Set up automount Arbitrary Executable File Formats File System Automount Point.
[[0;32m  OK  [0m] Set up automount Arbitrary Executab...ats File System Automount Point.
[   27.549702] systemd[1]: Listening on Device-mapper event daemon FIFOs.
[[0;32m  OK  [0m] Listening on Device-mapper event daemon FIFOs.
[   27.606719] systemd[1]: Listening on /dev/initctl Compatibility Named Pipe.
[[0;32m  OK  [0m] Listening on /dev/initctl Compatibility Named Pipe.
[   27.694279] systemd[1]: Listening on Syslog Socket.
[[0;32m  OK  [0m] Listening on Syslog Socket.
[   27.838748] systemd[1]: Reached target User and Group Name Lookups.
[[0;32m  OK  [0m] Reached target User and Group Name Lookups.
[   27.906814] systemd[1]: Created slice System Slice.
[[0;32m  OK  [0m] Created slice System Slice.
[   28.007135] systemd[1]: Starting Create list of required static device nodes for the current kernel...
         Starting Create list of required st... nodes for the current kernel...
[   28.111208] systemd[1]: Starting Remount Root and Kernel File Systems...
         [   28.198413] EXT4-fs (sda1): re-mounted. Opts: (null)
Starting Remount Root and Kernel File Systems...
[   28.246841] systemd[1]: Created slice system-serial\x2dgetty.slice.
[[0;32m  OK  [0m] Created slice system-serial\x2dgetty.slice.
[   28.276219] systemd[1]: Mounting Debug File System...
         Mounting Debug File System...
[   28.358757] systemd[1]: Saarting Nameserver information manager...
         Starting Nameserver information manager...
[   28.595548] systemd[1]: Starting Uncomplicated firewall...
         Starting Uncomplicated firewall...
[   28.665978] systemd[1]: Starting Load Kernel Modules...
         Starting Load Ke[   28.716503] Loading iSCSI transport class v2.0-870.
rnel Modules...
[   28.753913] systemd[1]: Starting Journal Service...
[   28.777164] iscsi: registered transport (tcp)
         Starting Journal Service...
[   28.828264] iscsi: registered transport (iser)
[   28.870249] systemd[1]: Created slice User and Session Slice.
[[0;32m  OK  [0m] Created slice User and Session Slice.
[   28.946192] systemd[1]: Reached target Slices.
[[0;32m  OK  [0m] Reached target Slices.
[   28.991050] systemd[1]: Mounting POSIX Message Queue File System...
         Mounting POSIX Message Queue File System...
[   29.142054] systemd[1]: Reached target Swap.
[[0;32m  OK  [0m] Reached target Swap.
[   29.174228] systemd[1]: Reached target Encrypted Volumes.
[[0;32m  OK  [0m] Reached target Encrypted Volumes.
[   29.251024] systemd[1]: Mounting Huge Pages File System...
         Mounting Huge Pages File System...
[   29.346633] systemd[1]: Listening on LVM2 metadata daemon socket.
[[0;32m  OK  [0m] Listening on LVM2 metadata daemon socket.
[   29.522896] systemd[1]: Starting Monitoring of LVM2 mirrors, snapshots etc. using dmeventd or progress polling...
         Starting Monitoring of LVM2 mirrors... dmeventd or progress polling...
[   29.735566] systemd[1]: Starting Set console keymap...
         Starting Set console keymap...
[   29.810811] systemd[1]: Mounted Huge Pages File System.
[[0;32m  OK  [0m] Mounted Huge Pages File System.
[   29.938147] systemd[1]: Mounted Debug File System.
[[0;32m  OK  [0m] Mounted Debug File System.
[   29.982348] systemd[1]: Mounted POSIX Message Queue File System.
[[0;32m  OK  [0m] Mounted POSIX Message Queue File System.
[   30.054581] systemd[1]: Started Journal Service.
[[0;32m  OK  [0m] Started Journal Service.
[[0;32m  OK  [0m] Started Create list of required sta...ce nodes for the current kernel.
[[0;32m  OK  [0m] Started Remount Root and Kernel File Systems.
[[0;32m  OK  [0m] Started Uncomplicated firewall.
[[0;32m  OK  [0m] Started Load Kernel Modules.
[[0;32m  OK  [0m] Started Set console keymap.
[[0;32m  OK  [0m] Started Nameserver information manager.
[[0;32m  OK  [0m] Started LVM2 metadata daemon.
         Mounting FUSE Control File System...
         Starting Apply Kernel Variables...
         Starting Initial cloud-init job (pre-networking)...
         Starting udev Coldplug all Devices...
         Starting Load/Save Random Seed...
         Starting Create Static Device Nodes in /dev...
         Starting Flush Journal to Persistent Storage...
[[0;32m  OK  [0m] Mounted FUSE Control File System.
[[0;32m  OK  [0m] Started Apply Kernel Variables.
[[0;32m  OK  [0m] Started Load/Save Random Seed.
[[0;32m  OK  [0m] Started Create Static Device Nodes in /dev.
[[0;32m  OK  [0m] Started Monitoring of LVM2 mirrors,...ng dmeventd or progress polling.
[[0;32m  OK  [0m] Started udev Coldplug all Devices.
[[0;32m  OK  [0m] Started Flush Journal to Persistent Storage.
         Starting udev Kernel Device Manager...
[[0;32m  OK  [0m] Started udev Kernel Device Manager.
[[0;32m  OK  [0m] Started Dispatch Password Requests to Console Directory Watch.
[[0;32m  OK  [0m] Reached target Local File Systems (Pre).
[[0;32m  OK  [0m] Reached target Local File Systems.
         Starting Set console font and keymap...
         Starting Create Volatile Files and Directories...
         Starting LSB: AppArmor initialization...
         Starting Commit a transient machine-id on disk...
         Starting Tell Plymouth To Write Out Runtime Data...
[[0;32m  OK  [0m] Started Create Volatile Files and Directories.
[[0;32m  OK  [0m] Started Commit a transient machine-id on disk.
[[0;32m  OK  [0m] Started Tell Plymouth To Write Out Runtime Data.
[   23.233164] cloud-init[448]: Cloud-init v. 17.1 running 'init-local' at Fri, 22 Dec 2017 12:59:50 +0000. Up 22.71 seconds.
[[0;32m  OK  [0m] Found device /dev/ttyS0.
         Starting Update UTMP about System Boot/Shutdown...
[[0;32m  OK  [0m] Reached target System Time Synchronized.
[[0;32m  OK  [0m] Started Set console font and keymap.
[[0;32m  OK  [0m] Started Update UTMP about System Boot/Shutdown.
[[0;32m  OK  [0m] Created slice system-getty.slice.
[[0;32m  OK  [0m] Started Initial cloud-init job (pre-networking).
[[0;32m  OK  [0m] Reached target Network (Pre).
[[0;32m  OK  [0m] Listening on Load/Save RF Kill Switch Status /dev/rfkill Watch.
[[0;32m  OK  [0m] Started LSB: AppArmor initialization.
         Starting Raise network interfaces...
[[0;32m  OK  [0m] Started Raise network interfaces.
[[0;32m  OK  [0m] Reached target Network.
         Starting Initial cloud-init job (metadata service crawler)...
[   26.759710] cloud-init[957]: Cloud-init v. 17.1 running 'init' at Fri, 22 Dec 2017 12:59:54 +0000. Up 26.11 seconds.
[   26.836591] cloud-init[957]: ci-info: +++++++++++++++++++++++++++++++++++++Net device info++++++++++++++++++++++++++++++++++++++
[   26.916735] cloud-init[957]: ci-info: +--------+-------+---------------------------+---------------+-------+-------------------+
[[   26.992606] cloud-init[957]: ci-info: | Device |   Up  |          Address          |      Mask     | Scope |     Hw-Address    |
[   26.993502] cloud-init[957]: ci-info: +--------+-------+---------------------------+---------------+-------+-------------------+
[   26.994033] cloud-init[957]: ci-info: | enp0s3 |  True |         10.0.2.15         | 255.255.255.0 |   .   | 02:93:06:1c:a6:4f |
[   26.994203] cloud-init[957]: ci-info: | enp0s3 |  True | fe80::93:6ff:fe1c:a64f/64 |       .       |  link | 02:93:06:1c:a6:4f |
[   26.994287] cloud-init[957]: ci-info: | enp0s8 | False |             .             |       .       |   .   | 08:00:27:35:50:6a |
[   26.994491] cloud-init[957]: ci-info: |   lo   |  True |         127.0.0.1         |   255.0.0.0   |   .   |         .         |
[   26.994662] cloud-init[957]: ci-info: |   lo   |  True |          ::1/128          |       .       |  host |         .         |
[   26.994919] cloud-init[957]: ci-info: +--------+-------+---------------------------+---------------+-------+-------------------+
[   26.995110] cloud-init[957]: ci-info: +++++++++++++++++++++++++++Route IPv4 info++++++++++++++++++++++++++++
[   26.995198] cloud-init[957]: ci-info: +-------+-------------+----------+---------------+-----------+-------+
[   26.995274] cloud-init[957]: ci-info: | Route | Destination | Gateway  |    Genmask    | Interface | Flags |
[   26.995510] cloud-init[957]: ci-info: +-------+-------------+----------+---------------+-----------+-------+
[   26.995821] cloud-init[957]: ci-info: |   0   |   0.0.0.0   | 10.0.2.2 |    0.0.0.0    |   enp0s3  |   UG  |
[   26.995925] cloud-init[957]: ci-info: |   1   |   10.0.2.0  | 0.0.0.0  | 255.255.255.0 |   enp0s3  |   U   |
[   26.996063] cloud-init[957]: ci-info: +-------+-------------+----------+---------------+-----------+-------+
[0;32m  OK  [0m] Started Initial cloud-init job (metadata service crawler).
[   27.864734] cloud-init[957]: Generating public/private rsa key pair.
[[0;32m  OK  [0m] Reached target System Initialization.
[   27.907754] cloud-init[957]: Your identification has been saved in /etc/ssh/ssh_host_rsa_key.
[[0;32m  OK  [0m] Listening on UUID daemon activation socket.
[   27.954595] cloud-init[957]: Your public key has been saved in /etc/ssh/ssh_host_rsa_key.pub.
         Starting Socket activation for snappy daemon.
[   28.038674] cloud-init[957]: The key fingerprint is:
[   28.088580] cloud-init[957]: SHA256:sbxwJuz0As6p2ejuXBe+Z8uPK9HNk3GnOqnddgR6RzQ root@ubuntu-xenial
[   28.160544] cloud-init[957]: The key's randomart image is:
         [   28.192418] cloud-init[957]: +---[RSA 2048]----+
[   28.192850] cloud-init[957]: |                 |
[   28.193087] cloud-init[957]: |              E  |
[   28.193175] cloud-init[957]: |        .    . . |
[   28.193314] cloud-init[957]: |     . . o. o o  |
[   28.193434] cloud-init[957]: |    . *.So = =   |
[   28.193475] cloud-init[957]: |   o *.B..* o o  |
[   28.193517] cloud-init[957]: |    = =.o  = o   |
[   28.193555] cloud-init[957]: | . * ..+oo+.. .  |
[   28.193617] cloud-init[957]: | +O . .+*=oo..   |
[   28.193643] cloud-init[957]: +----[SHA256]-----+
[   28.193728] cloud-init[957]: Generating public/private dsa key pair.
[   28.193760] cloud-init[957]: Your identification has been saved in /etc/ssh/ssh_host_dsa_key.
[   28.193848] cloud-init[957]: Your public key has been saved in /etc/ssh/ssh_host_dsa_key.pub.
[   28.194092] cloud-init[957]: The key fingerprint is:
[   28.194196] cloud-init[957]: SHA256:268S4oo3kthVMcVa717Ut1hINiNeGjIulao2yZWhEu4 root@ubuntu-xenial
[   28.194239] cloud-init[957]: The key's randomart image is:
[   28.194289] cloud-init[957]: +---[DSA 1024]----+
[   28.194392] cloud-init[957]: |       o. .      |
[   28.194502] cloud-init[957]: |   .  o.o= o *   |
[   28.194720] cloud-init[957]: |  . . .=*.+ B.+  |
[   28.194980] cloud-init[957]: |   o .o= ..o.....|
[   28.195044] cloud-init[957]: |  . o.+ S. .  o..|
[   28.195220] cloud-init[957]: |   E.*. .o. .. . |
[   28.195364] cloud-init[957]: | o o.....o..     |
[   28.195736] cloud-init[957]: |. +.o . . ..     |
[   28.195913] cloud-init[957]: |  .o.o   ....    |
Starting LXD - unix socket.
[[0;32m  OK  [0m] Listening on D-Bus System Message Bus Socket.
[   28.196202] cloud-init[957]: +----[SHA256]-----+
[   28.992553] cloud-init[957]: Generating public/private ecdsa key pair.
[[0;32m  OK  [0m] Started ACPI Events Check.
[[   29.006719] cloud-init[957]: Your identification has been saved in /etc/ssh/ssh_host_ecdsa_key.
[   29.016543] cloud-init[957]: Your public key has been saved in /etc/ssh/ssh_host_ecdsa_key.pub.
[   29.016577] cloud-init[957]: The key fingerprint is:
[   29.016604] cloud-init[957]: SHA256:l67ueg9rqJ0+wbyfhcU8WuGsvlKzptvxH16jwT5YllQ root@ubuntu-xenial
[   29.016628] cloud-init[957]: The key's randomart image is:
[   29.016652] cloud-init[957]: +---[ECDSA 256]---+
[   29.016676] cloud-init[957]: |                 |
[   29.016700] cloud-init[957]: |              E  |
[   29.016736] cloud-init[957]: |          .  .   |
[   29.016762] cloud-init[957]: |         = o.    |
[   29.016785] cloud-init[957]: |     o  S @. .   |
[   29.016810] cloud-init[957]: |      + oO o+    |
[   29.016877] cloud-init[957]: |       =*oo++ o  |
[   29.016923] cloud-init[957]: |     .=+=O.o.= . |
[   29.016952] cloud-init[957]: |    .oB&@oo.=.   |
[   29.016977] cloud-init[957]: +----[SHA256]-----+
[   29.017000] cloud-init[957]: Generating public/private ed25519 key pair.
[   29.017025] cloud-init[957]: Your identification has been saved in /etc/ssh/ssh_host_ed25519_key.
[   29.017050] cloud-init[957]: Your public key has been saved in /etc/ssh/ssh_host_ed25519_key.pub.
[   29.017079] cloud-init[957]: The key fingerprint is:
[   29.017103] cloud-init[957]: SHA256:10nMNTz1wgfDTyNeuaxKmPQjSoRaOMHIidV/rLALuGw root@ubuntu-xenial
[   29.017128] cloud-init[957]: The key's randomart image is:
[   29.017153] cloud-init[957]: +--[ED25519 256]--+
[   29.017177] cloud-init[957]: |o.=.         o=.o|
[   29.017202] cloud-init[957]: |.+ o.      o ++Bo|
[   29.017226] cloud-init[957]: |    o...    = *+=|
[   29.017250] cloud-init[957]: |   o.o..o. o o =.|
[   29.017273] cloud-init[957]: | .  +o.oS = o .  |
[   29.017297] cloud-init[957]: |. ... .. = + .   |
[   29.017323] cloud-init[957]: |.. . .. . o o    |
[   29.017381] cloud-init[957]: |.E  .  .   .     |
[   29.017575] cloud-init[957]: |.                |
[   29.017605] cloud-init[957]: +----[SHA256]-----+
[0;32m  OK  [0m] Reached target Paths.
[[0;32m  OK  [0m] Listening on ACPID Listen Socket.
[[0;32m  OK  [0m] Started Daily Cleanup of Temporary Directories.
[[0;32m  OK  [0m] Started Timer to automatically refresh installed snaps.
[[0;32m  OK  [0m] Reached target Cloud-config availability.
[[0;32m  OK  [0m] Reached target Network is Online.
[[0;32m  OK  [0m] Started Daily apt download activities.
[[0;32m  OK  [0m] Started Daily apt upgrade and clean activities.
[[0;32m  OK  [0m] Reached target Timers.
         Starting iSCSI initiator daemon (iscsid)...
[[0;32m  OK  [0m] Listening on Socket activation for snappy daemon.
[[0;32m  OK  [0m] Listening on LXD - unix socket.
[[0;32m  OK  [0m] Started iSCSI initiator daemon (iscsid).
         Starting Login to default iSCSI targets...
[[0;32m  OK  [0m] Reached target Sockets.
[[0;32m  OK  [0m] Reached target Basic System.
[[0;32m  OK  [0m] Started D-Bus System Message Bus.
[[0;32m  OK  [0m] Started Deferred execution scheduler.
         Starting LSB: MD monitoring daemon...
         Starting System Logging Service...
         Starting Accounts Service...
[[0;32m  OK  [0m] Started ACPI event daemon.
         Starting Pollinate to seed the pseudo random number generator...
         Starting Login Service...
[[0;32m  OK  [0m] Started FUSE filesystem for LXC.
         Starting Apply the settings specified in cloud-config...
         Starting /etc/rc.local Compatibility...
[[0;32m  OK  [0m] Started Regular background program processing daemon.
         Starting LSB: Record successful boot for GRUB...
         Starting LXD - container startup/shutdown...
[[0;32m  OK  [0m] Started Unattended Upgrades Shutdown.
         Starting Snappy daemon...
[[0;32m  OK  [0m] Started System Logging Service.
[[0;32m  OK  [0m] Started Snappy daemon.
[[0;32m  OK  [0m] Started /etc/rc.local Compatibility.
[[0;32m  OK  [0m] Started LXD - container startup/shutdown.
[[0;32m  OK  [0m] Started Login to default iSCSI targets.
[[0;32m  OK  [0m] Started LSB: MD monitoring daemon.
[[0;32m  OK  [0m] Started Pollinate to seed the pseudo random number generator.
[   31.326787] cloud-init[1132]: Generating locales (this might take a while)...
[[0;32m  OK  [0m] Started LSB: Record successful boot for GRUB.
         Starting Authenticate and Authorize Users to Run Privileged Tasks...
         Starting OpenBSD Secure Shell server...
[[0;32m  OK  [0m] Reached target Remote File Systems (Pre).
[[0;32m  OK  [0m] Reached target Remote File Systems.
         Starting Permit User Sessions...
         Starting LSB: automatic crash report generation...
         Starting LSB: Set the CPU Frequency Scaling governor to "ondemand"...
         Starting LSB: daemon to balance interrupts for SMP systems...
         Starting LSB: VirtualBox Linux Additions...
[[0;32m  OK  [0m] Started OpenBSD Secure Shell server.
[[0;32m  OK  [0m] Started Permit User Sessions.
[[0;32m  OK  [0m] Started Login Service.
[[0;32m  OK  [0m] Started Authenticate and Authorize Users to Run Privileged Tasks.
[[0;32m  OK  [0m] Started Accounts Service.
[   32.310146] cloud-init[1132]:   en_US.UTF-8... done
[   32.406892] cloud-init[1132]: Generation complete.
[[0;32m  OK  [0m] Started LSB: Set the CPU Frequency Scaling governor to "ondemand".
[[0;32m  OK  [0m] Started LSB: automatic crash report generation.
         Starting Hold until boot process finishes up...
         Starting Terminate Plymouth Boot Screen...
[[0;32m  OK  [0m] Started LSB: daemon to balance interrupts for SMP systems.
[[0;32m  OK  [0m] Started LSB: VirtualBox Linux Additions.
[[0;32m  OK  [0m] Started Hold until boot process finishes up.
[[0;32m  OK  [0m] Started Terminate Plymouth Boot Screen.
         Stopping OpenBSD Secure Shell server...
         Starting Set console scheme...
[[0;32m  OK  [0m] Started Getty on tty1.
[[0;32m  OK  [0m] Started Serial Getty on ttyS0.
[[0;32m  OK  [0m] Reached target Login Prompts.
[[0;32m  OK  [0m] Stopped OpenBSD Secure Shell server.
[[0;32m  OK  [0m] Started Set console scheme.
         Starting OpenBSD Secure Shell server...
[[0;32m  OK  [0m] Started OpenBSD Secure Shell server.
[[0;32m  OK  [0m] Reached target Multi-User System.
[[0;32m  OK  [0m] Reached target Graphical Interface.
         Starting Update UTMP about System Runlevel Changes...
[[0;32m  OK  [0m] Started Update UTMP about System Runlevel Changes.
[[0;32m  OK  [0m] Created slice User Slice of ubuntu.
         Starting User Manager for UID 1000...
[[0;32m  OK  [0m] Started User Manager for UID 1000.
[[0;32m  OK  [0m] Started Session 1 of user ubuntu.
[   33.413173] cloud-init[1132]: Cloud-init v. 17.1 running 'modules:config' at Fri, 22 Dec 2017 12:59:59 +0000. Up 31.08 seconds.
[[0;32m  OK  [0m] Started Apply the settings specified in cloud-config.
         Starting Execute cloud user/final scripts...
ci-info: no authorized ssh keys fingerprints found for user ubuntu.
<14>Dec 22 13:00:03 ec2: 
<14>Dec 22 13:00:03 ec2: #############################################################
<14>Dec 22 13:00:03 ec2: -----BEGIN SSH HOST KEY FINGERPRINTS-----
<14>Dec 22 13:00:03 ec2: 1024 SHA256:268S4oo3kthVMcVa717Ut1hINiNeGjIulao2yZWhEu4 root@ubuntu-xenial (DSA)
<14>Dec 22 13:00:03 ec2: 256 SHA256:l67ueg9rqJ0+wbyfhcU8WuGsvlKzptvxH16jwT5YllQ root@ubuntu-xenial (ECDSA)
<14>Dec 22 13:00:03 ec2: 256 SHA256:10nMNTz1wgfDTyNeuaxKmPQjSoRaOMHIidV/rLALuGw root@ubuntu-xenial (ED25519)
<14>Dec 22 13:00:03 ec2: 2048 SHA256:sbxwJuz0As6p2ejuXBe+Z8uPK9HNk3GnOqnddgR6RzQ root@ubuntu-xenial (RSA)
<14>Dec 22 13:00:03 ec2: -----END SSH HOST KEY FINGERPRINTS-----
<14>Dec 22 13:00:03 ec2: #############################################################
-----BEGIN SSH HOST KEY KEYS-----
ecdsa-sha2-nistp256 AAAAE2VjZHNhLXNoYTItbmlzdHAyNTYAAAAIbmlzdHAyNTYAAABBBFeg9TWNmcrAEmoTPY1Xz6wkVh94Ef8vouqe41KGO2rnud4uWTlT1feqh0RbktZ6Zts7v/N0ZMxFGH3V6wLzPQQ= root@ubuntu-xenial
ssh-ed25519 AAAAC3NzaC1lZDI1NTE5AAAAIFC1VL+zuLaYMva03un20eRoaTYQncnyOGJIpsRSl4az root@ubuntu-xenial
ssh-rsa AAAAB3NzaC1yc2EAAAADAQABAAABAQC8svOndIgpDW0qJUZAc192OeeFamu4ypVAWu2ljMAxa4/oiJyoRnhyuJEMyAOo5gLF6rSxIgKeGDxaLYwUx45kFcQOXvoW/0dcCr28IysqmUGQlmoQ8XMEZzLxkelKAhEanIz7/qlGeOeF0VxNsqAUBmsCKGYd7/s2a/gutcpt91Bypm4reoX8VNrln1n0hEDWCXUc9c85K0BJOqoCSJVwA8Hv8X0Kd21fArLVDK/0bLG0V57KsRKZ8IttWWYacLYhFeX5ww+VC/j5RCu+s7UNj/TBNUyDdcODoDgr7sCWOcWRzabhozuAXvVhQrYnS6EguqvWWoXwv7Pg4j7LxsM3 root@ubuntu-xenial
-----END SSH HOST KEY KEYS-----
[   35.998101] cloud-init[1395]: Cloud-init v. 17.1 running 'modules:final' at Fri, 22 Dec 2017 13:00:02 +0000. Up 34.46 seconds.
[   36.069485] cloud-init[1395]: ci-info: no authorized ssh keys fingerprints found for user ubuntu.
         Stopping User Manager for UID 1000...
[[0;32m  OK  [0m] Stopped User Manager for UID 1000.
[   36.129528] cloud-init[1395]: Cloud-init v. 17.1 finished at Fri, 22 Dec 2017 13:00:04 +0000. Datasource DataSourceNoCloud [seed=/dev/sdb][dsmode=net].  Up 35.98 seconds
[[0;32m  OK  [0m] Removed slice User Slice of ubuntu.
[[0;32m  OK  [0m] Started Execute cloud user/final scripts.
[[0;32m  OK  [0m] Reached target Cloud-init target.

Ubuntu 16.04.3 LTS node03 ttyS0

node03 login: 